[19-04-2024 19:25:31][ARGS][INFO] ) ./bin/tower

[19-04-2024 19:26:30][ARGS][INFO] ) ./bin/tower
[19-04-2024 19:26:30][Tower][INFO] Tower connected on channel 0
